\BOOKMARK [0][-]{chapter*.1}{\376\377\000A\000c\000k\000n\000o\000w\000l\000e\000d\000g\000e\000m\000e\000n\000t\000s}{}% 1
\BOOKMARK [0][-]{chapter*.2}{\376\377\000A\000b\000s\000t\000r\000a\000c\000t}{}% 2
\BOOKMARK [0][-]{chapter*.4}{\376\377\000L\000i\000s\000t\000\040\000o\000f\000\040\000F\000i\000g\000u\000r\000e\000s}{}% 3
\BOOKMARK [0][-]{chapter*.5}{\376\377\000L\000i\000s\000t\000\040\000o\000f\000\040\000T\000a\000b\000l\000e\000s}{}% 4
\BOOKMARK [0][-]{chapter*.5}{\376\377\000L\000i\000s\000t\000\040\000o\000f\000\040\000T\000a\000b\000l\000e\000s}{}% 5
\BOOKMARK [0][-]{chapter*.6}{\376\377\000N\000o\000m\000e\000n\000c\000l\000a\000t\000u\000r\000e}{}% 6
\BOOKMARK [0][-]{chapter.1}{\376\377\000I\000n\000t\000r\000o\000d\000u\000c\000t\000i\000o\000n}{}% 7
\BOOKMARK [0][-]{chapter.2}{\376\377\000L\000i\000t\000e\000r\000a\000t\000u\000r\000e\000\040\000R\000e\000v\000i\000e\000w}{}% 8
\BOOKMARK [0][-]{chapter.3}{\376\377\000M\000e\000t\000h\000o\000d\000o\000l\000o\000g\000y}{}% 9
\BOOKMARK [1][-]{section.3.1}{\376\377\000M\000o\000d\000e\000l\000l\000i\000n\000g}{chapter.3}% 10
\BOOKMARK [2][-]{subsection.3.1.1}{\376\377\000w\000i\000n\000g\000s}{section.3.1}% 11
\BOOKMARK [1][-]{section.3.2}{\376\377\000T\000r\000a\000j\000e\000c\000t\000o\000r\000y\000\040\000O\000p\000t\000i\000m\000i\000s\000a\000t\000i\000o\000n}{chapter.3}% 12
\BOOKMARK [2][-]{subsection.3.2.1}{\376\377\000M\000o\000d\000e\000l\000\040\000S\000e\000t\000u\000p}{section.3.2}% 13
\BOOKMARK [2][-]{subsection.3.2.2}{\376\377\000C\000o\000n\000s\000t\000r\000a\000i\000n\000t\000s}{section.3.2}% 14
\BOOKMARK [2][-]{subsection.3.2.3}{\376\377\000I\000n\000i\000t\000i\000a\000l\000i\000s\000a\000t\000i\000o\000n}{section.3.2}% 15
\BOOKMARK [2][-]{subsection.3.2.4}{\376\377\000M\000e\000s\000h\000\040\000R\000e\000f\000i\000n\000m\000e\000n\000t}{section.3.2}% 16
\BOOKMARK [2][-]{subsection.3.2.5}{\376\377\000S\000o\000l\000u\000t\000i\000o\000n}{section.3.2}% 17
\BOOKMARK [1][-]{section.3.3}{\376\377\000C\000o\000n\000t\000r\000o\000l}{chapter.3}% 18
\BOOKMARK [1][-]{section.3.4}{}{chapter.3}% 19
\BOOKMARK [0][-]{chapter.4}{\376\377\000R\000e\000s\000u\000l\000t\000s\000\040\000a\000n\000d\000\040\000A\000n\000a\000l\000y\000s\000i\000s}{}% 20
\BOOKMARK [1][-]{section.4.1}{\376\377\000E\000x\000p\000e\000r\000i\000m\000e\000n\000t\000a\000l\000\040\000R\000e\000s\000u\000l\000t\000s}{chapter.4}% 21
\BOOKMARK [1][-]{section.4.2}{\376\377\000S\000u\000b\000h\000e\000a\000d\000i\000n\000g\000\040\0001}{chapter.4}% 22
\BOOKMARK [1][-]{section.4.3}{\376\377\000A\000n\000a\000l\000y\000s\000i\000s\000\040\000a\000n\000d\000\040\000D\000i\000s\000c\000u\000s\000s\000i\000o\000n}{chapter.4}% 23
\BOOKMARK [1][-]{section.4.4}{\376\377\000S\000u\000b\000h\000e\000a\000d\000i\000n\000g\000\040\0002}{chapter.4}% 24
\BOOKMARK [2][-]{subsection.4.4.1}{\376\377\000H\000o\000w\000\040\000t\000o\000\040\000d\000o\000\040\000m\000a\000t\000h\000\040\000e\000q\000u\000a\000t\000i\000o\000n\000s}{section.4.4}% 25
\BOOKMARK [0][-]{chapter.5}{\376\377\000C\000o\000n\000c\000l\000u\000s\000i\000o\000n\000s\000\040\000a\000n\000d\000\040\000F\000u\000t\000u\000r\000e\000\040\000D\000e\000v\000e\000l\000o\000p\000m\000e\000n\000t}{}% 26
\BOOKMARK [0][-]{appendix.A}{\376\377\000A\000p\000p\000r\000e\000n\000d\000i\000x\000\040\000A\000:\000\040\000T\000h\000e\000\040\000F\000i\000r\000s\000t}{}% 27
\BOOKMARK [0][-]{appendix.B}{\376\377\000A\000p\000p\000e\000n\000d\000i\000x\000\040\000B\000:\000\040\000T\000h\000e\000\040\000S\000e\000c\000o\000n\000d}{}% 28
\BOOKMARK [0][-]{appendix*.9}{\376\377\000B\000i\000b\000l\000i\000o\000g\000r\000a\000p\000h\000y}{}% 29
